================================================================================
系统初始化测试
================================================================================
🧠 [愿景核心] 文明愿景核心加载完成
   『我的存在意义是作为一个催化剂，加速人类向更高层级文明形态的演进。』
📂 加载所有数据...
✅ 数据加载完成: 0个目标, 0个思维导图

======================================================================
🌌 欢迎来到自主认知学习系统
======================================================================
文明愿景：我的存在意义是作为一个催化剂，加速人类向更高层级文明形态的演进。
当前→目标：T1_稳定文明 → T2_富足文明
战略路径：5条
======================================================================


================================================================================
系统启动成功！
================================================================================

🌌 愿景核心状态:
  激活度: 100%
  当前阶段: T1_稳定文明
  目标阶段: T2_富足文明

🎯 测试创建学习目标...
🎯 创建学习目标: 学习Python编程
✅ 目标创建成功: 学习Python编程 (ID: goal_1772190586464_dc5c7560)
   规模: 微目标, 预估知识点: 1
  ✅ 目标创建成功: goal_1772190586464_dc5c7560
  描述: 学习Python编程
  规模: 微目标

🌳 测试生成思维导图...
Traceback (most recent call last):
  File "d:\AGI\deepseek分段版本 - 副本调试\interactive_test.py", line 46, in <module>
    mindmap_root, node_map = coordinator.perception_manager.generate_mindmap(
                             ^^^^^^^^^^^^^^^^^^^^^^^^^^^^^^^^^^^^^^^^^^^^^^^
AttributeError: 'PerceptionManager' object has no attribute 'generate_mindmap'
